// Jest Snapshot v1, https://goo.gl/fbAQLP

exports[`<App /> should match the previous snapshot of the component tests that the component has not changed and matched the previous snapshot 1`] = `
Array [
  <div
    className="Login-container"
  >
    <section
      className="left-side"
    >
      <p>
        WELCOME TO
      </p>
      <h1>
        DESIGN
        <em>
          HUB
        </em>
      </h1>
      <div
        className="paragraphs"
      >
        <span
          aria-label="handshake"
          role="img"
        >
          ü§ù
        </span>
        <h2>
          Join and start creating projects and collaborating with teams!
        </h2>
        <span
          aria-label="briefcase"
          role="img"
        >
          üíº
        </span>
        <h2>
          House your case studies, deliverables, assets, links, and design files all in one place!
        </h2>
        <span
          aria-label="megaphone"
          className="megaphone"
          role="img"
        >
          üì¢
        </span>
        <h2>
          Give and recieve feedback with ease. No more worrying about your feedback getting lost in Slack messages!
        </h2>
      </div>
    </section>
    <section
      className="right-side"
    >
      <div
        className="cta"
      >
        <img
          alt="logo"
          className="logo"
          src="SampleLogo.svg"
        />
        <h1>
          Super-charge your design workflow now and start collaborating like a beast
        </h1>
        <div>
          <h6
            className="join-head"
          >
            Join DesignHub today.
          </h6>
          <button
            className="auth0-redirect-btn"
            onClick={[Function]}
          >
            Create an account or Sign in
          </button>
        </div>
      </div>
    </section>
  </div>,
  <div
    className="App"
  />,
]
`;
