// Jest Snapshot v1, https://goo.gl/fbAQLP

exports[`<SearchPage /> should match the previous snapshot of the component tests that the component has not changed and matched the previous snapshot 1`] = `
<div
  className="search-container"
>
  <p>
    results for 
    <span>
      searchterm
    </span>
  </p>
  <div
    className="search-tabs-container"
  >
    <div
      className="react-tabs"
      data-tabs={true}
      onClick={[Function]}
      onKeyDown={[Function]}
    >
      <ul
        className="nav-links"
        role="tablist"
      >
        <li
          aria-controls="react-tabs-1"
          aria-disabled="false"
          aria-selected="true"
          className="links active-link"
          id="react-tabs-0"
          role="tab"
          tabIndex="0"
        >
          Users
        </li>
        <li
          aria-controls="react-tabs-3"
          aria-disabled="false"
          aria-selected="false"
          className="links"
          id="react-tabs-2"
          role="tab"
          tabIndex={null}
        >
          Projects
        </li>
      </ul>
      <div
        className="tabs-container"
      >
        <div
          aria-labelledby="react-tabs-0"
          className="react-tabs__tab-panel react-tabs__tab-panel--selected"
          id="react-tabs-1"
          role="tabpanel"
        />
        <div
          aria-labelledby="react-tabs-2"
          className="react-tabs__tab-panel"
          id="react-tabs-3"
          role="tabpanel"
        />
      </div>
    </div>
  </div>
</div>
`;
